15:12:20 | INFO | DEBUG=False | log file: logs/baseline_fine138_full_20260703_151220.log
15:12:20 | INFO | Loaded hmcn_dataset.csv: (4976, 1156)
15:12:20 | INFO | Labels (fine_*)   : 138
15:12:20 | INFO | Meta cols excluded: 12
15:12:20 | INFO | FP cols           : 678
15:12:20 | INFO | Mordred cols      : 327
15:12:20 | INFO | NaNs in features  : 0
15:12:20 | INFO | Rows after dropna : 4976 (dropped 0)
15:12:21 | INFO | After zero-variance filter: fp=672, mordred=327
15:12:21 | INFO | Train: 3956 | Test: 1020
15:12:21 | INFO | Mordred after correlation filter: 323 (dropped 4)
15:12:21 | INFO | Final X_train (3956, 995) | X_test (1020, 995)
15:12:21 | INFO | === LR: starting GridSearchCV (grid={'classifier__C': [0.01, 0.1, 1, 10, 100]}) ===
15:39:31 | INFO | [LR] GridSearchCV done in 1629.3s | best_params={'classifier__C': 10} | best CV macro-F1=0.222
15:54:46 | INFO | [LR] fit done in 915.3s
15:54:52 | INFO | [LR] MACRO  F1=0.335  PR_AUC=0.312  ROC_AUC=0.858  Bal.Acc=0.693
15:54:52 | INFO | === RF: starting GridSearchCV (grid={'classifier__n_estimators': [100, 300], 'classifier__max_features': ['sqrt', 'log2']}) ===
15:58:37 | INFO | [RF] GridSearchCV done in 225.1s | best_params={'classifier__max_features': 'sqrt', 'classifier__n_estimators': 300} | best CV macro-F1=0.211
16:00:36 | INFO | [RF] fit done in 119.1s
16:01:11 | INFO | [RF] MACRO  F1=0.319  PR_AUC=0.357  ROC_AUC=0.867  Bal.Acc=0.623
16:01:11 | INFO | === XGB: starting GridSearchCV (grid={'classifier__n_estimators': [100, 300], 'classifier__max_depth': [3, 6]}) ===
16:44:28 | INFO | [XGB] GridSearchCV done in 2596.3s | best_params={'classifier__max_depth': 3, 'classifier__n_estimators': 100} | best CV macro-F1=0.224
17:23:49 | INFO | [XGB] fit done in 2361.3s
17:24:00 | INFO | [XGB] MACRO  F1=0.321  PR_AUC=0.332  ROC_AUC=0.842  Bal.Acc=0.650
17:24:00 | INFO | === SVM: starting GridSearchCV (grid={'classifier__C': [0.1, 1, 10]}) ===
18:01:23 | INFO | [SVM] GridSearchCV done in 2242.8s | best_params={'classifier__C': 1} | best CV macro-F1=0.246
18:19:05 | INFO | [SVM] fit done in 1061.8s
18:23:32 | INFO | [SVM] MACRO  F1=0.286  PR_AUC=0.323  ROC_AUC=0.859  Bal.Acc=0.615
18:23:32 | INFO | === KNN: starting GridSearchCV (grid={'classifier__n_neighbors': [5, 11, 21], 'classifier__metric': ['euclidean', 'cosine']}) ===
18:24:17 | INFO | [KNN] GridSearchCV done in 45.6s | best_params={'classifier__metric': 'cosine', 'classifier__n_neighbors': 5} | best CV macro-F1=0.159
18:24:20 | INFO | [KNN] fit done in 2.7s
18:27:36 | INFO | [KNN] MACRO  F1=0.326  PR_AUC=0.250  ROC_AUC=0.754  Bal.Acc=0.666
18:27:37 | INFO | Macro-averaged test metrics per model:
       Bal.Acc    MCC     F1  ROC_AUC  PR_AUC  Sensitivity  Specificity
Model                                                                  
KNN      0.666  0.310  0.326    0.754   0.250        0.365        0.968
LR       0.693  0.319  0.335    0.858   0.312        0.421        0.964
RF       0.623  0.324  0.319    0.867   0.357        0.256        0.989
SVM      0.615  0.285  0.286    0.859   0.323        0.247        0.984
XGB      0.650  0.313  0.321    0.842   0.332        0.317        0.983
18:27:37 | INFO | Done. Results in outputs_fine138/
